2025-10-08 16:27:59,369 [INFO] Activator:176 - 


2025-10-08 16:27:59,385 [INFO] Activator:177 - !SESSION log4j initialized
2025-10-08 16:28:10,641 [INFO] LogOutputStream:77 - [STDOUT_REDIRECT] 
2025-10-08 16:28:12,846 [INFO] ApplicationProperties:184 - Using Application install path: C:\ST\STM32CubeIDE_1.15.1\STM32CubeIDE\plugins\com.st.stm32cube.common.mx_6.15.0.202507011659
2025-10-08 16:28:12,883 [INFO] DbMcusXml:78 - Set database path to: C:\ST\STM32CubeIDE_1.15.1\STM32CubeIDE\plugins\com.st.stm32cube.common.mx_6.15.0.202507011659\\db\/mcu/
2025-10-08 16:28:12,883 [INFO] ApiDb:274 - Set plugin database path to: C:\ST\STM32CubeIDE_1.15.1\STM32CubeIDE\plugins\com.st.stm32cube.common.mx_6.15.0.202507011659\\db\/plugins/boardmanager/
2025-10-08 16:28:12,884 [WARN] ApiDb:259 - Overriding images path with different value:  => C:\ST\STM32CubeIDE_1.15.1\STM32CubeIDE\plugins\com.st.stm32cube.common.mx_6.15.0.202507011659\\db\/plugins/mcufinder/images/
2025-10-08 16:28:12,905 [INFO] ApiDb:250 - Set database path to: C:\Users\m-ren\.stmcufinder\plugins\mcufinder//mcu/
2025-10-08 16:28:12,907 [INFO] DbMcusAds:125 - Set database path to: C:\Users\m-ren\.stmcufinder\plugins\mcufinder//mcu/
2025-10-08 16:28:12,913 [INFO] CrossReferenceDbSqlite:203 - Set database path to: C:\Users\m-ren\.stmcufinder\plugins\mcufinder//mcu/cs/
2025-10-08 16:28:13,146 [INFO] RulesReader:64 - Compatibility file has been processed (317 Rules)
2025-10-08 16:28:13,329 [INFO] DbMcusXml:78 - Set database path to: C:\ST\STM32CubeIDE_1.15.1\STM32CubeIDE\plugins\com.st.stm32cube.common.mx_6.15.0.202507011659\\db\/mcu/
2025-10-08 16:28:13,329 [INFO] ApiDb:274 - Set plugin database path to: C:\ST\STM32CubeIDE_1.15.1\STM32CubeIDE\plugins\com.st.stm32cube.common.mx_6.15.0.202507011659\\db\/plugins/boardmanager/
2025-10-08 16:28:13,329 [INFO] ApiDb:261 - Set plugin images path to: C:\ST\STM32CubeIDE_1.15.1\STM32CubeIDE\plugins\com.st.stm32cube.common.mx_6.15.0.202507011659\\db\/plugins/mcufinder/images/
2025-10-08 16:28:13,330 [WARN] DbFile:41 - Overriding database path with different value: C:\Users\m-ren\.stmcufinder\plugins\mcufinder/ => C:\Users\m-ren\.stmcufinder\plugins\mcufinder
2025-10-08 16:28:13,330 [INFO] ApiDb:250 - Set database path to: C:\Users\m-ren\.stmcufinder\plugins\mcufinder//mcu/
2025-10-08 16:28:13,330 [WARN] DbFile:41 - Overriding database path with different value: C:\Users\m-ren\.stmcufinder\plugins\mcufinder/ => C:\Users\m-ren\.stmcufinder\plugins\mcufinder
2025-10-08 16:28:13,330 [INFO] DbMcusAds:125 - Set database path to: C:\Users\m-ren\.stmcufinder\plugins\mcufinder//mcu/
2025-10-08 16:28:13,330 [WARN] DbFile:41 - Overriding database path with different value: C:\Users\m-ren\.stmcufinder\plugins\mcufinder/ => C:\Users\m-ren\.stmcufinder\plugins\mcufinder
2025-10-08 16:28:13,331 [WARN] DbFile:41 - Overriding database path with different value: C:\Users\m-ren\.stmcufinder\plugins\mcufinder/ => C:\Users\m-ren\.stmcufinder\plugins\mcufinder
2025-10-08 16:28:13,331 [INFO] CrossReferenceDbSqlite:203 - Set database path to: C:\Users\m-ren\.stmcufinder\plugins\mcufinder//mcu/cs/
2025-10-08 16:28:13,509 [INFO] MainPanel:274 - HeapMemory: 268435456
2025-10-08 16:28:13,725 [INFO] DbMcusXml:78 - Set database path to: C:\ST\STM32CubeIDE_1.15.1\STM32CubeIDE\plugins\com.st.stm32cube.common.mx_6.15.0.202507011659\\db\/mcu/
2025-10-08 16:28:13,725 [INFO] ApiDb:274 - Set plugin database path to: C:\ST\STM32CubeIDE_1.15.1\STM32CubeIDE\plugins\com.st.stm32cube.common.mx_6.15.0.202507011659\\db\/plugins/boardmanager/
2025-10-08 16:28:13,725 [INFO] ApiDb:261 - Set plugin images path to: C:\ST\STM32CubeIDE_1.15.1\STM32CubeIDE\plugins\com.st.stm32cube.common.mx_6.15.0.202507011659\\db\/plugins/mcufinder/images/
2025-10-08 16:28:13,727 [WARN] DbFile:41 - Overriding database path with different value: C:\Users\m-ren\.stmcufinder\plugins\mcufinder/ => C:\Users\m-ren\.stmcufinder\plugins\mcufinder
2025-10-08 16:28:13,727 [INFO] ApiDb:250 - Set database path to: C:\Users\m-ren\.stmcufinder\plugins\mcufinder//mcu/
2025-10-08 16:28:13,727 [WARN] DbFile:41 - Overriding database path with different value: C:\Users\m-ren\.stmcufinder\plugins\mcufinder/ => C:\Users\m-ren\.stmcufinder\plugins\mcufinder
2025-10-08 16:28:13,727 [INFO] DbMcusAds:125 - Set database path to: C:\Users\m-ren\.stmcufinder\plugins\mcufinder//mcu/
2025-10-08 16:28:13,727 [WARN] DbFile:41 - Overriding database path with different value: C:\Users\m-ren\.stmcufinder\plugins\mcufinder/ => C:\Users\m-ren\.stmcufinder\plugins\mcufinder
2025-10-08 16:28:13,727 [WARN] DbFile:41 - Overriding database path with different value: C:\Users\m-ren\.stmcufinder\plugins\mcufinder/ => C:\Users\m-ren\.stmcufinder\plugins\mcufinder
2025-10-08 16:28:13,727 [INFO] CrossReferenceDbSqlite:203 - Set database path to: C:\Users\m-ren\.stmcufinder\plugins\mcufinder//mcu/cs/
2025-10-08 16:28:13,759 [INFO] ApplicationProperties:184 - Using Application install path: C:\ST\STM32CubeIDE_1.15.1\STM32CubeIDE\plugins\com.st.stm32cube.common.mx_6.15.0.202507011659
2025-10-08 16:28:13,761 [INFO] PluginManage:196 - Search for loadable plugins [exclusion list=, ]
2025-10-08 16:28:13,764 [INFO] PluginManage:310 - Check plugin analytics
2025-10-08 16:28:14,208 [INFO] AnalyticsPlugin:253 - Accepted Software Licenses: STM32CubeMX.6.9.1,STM32CubeMX.6.11.1
2025-10-08 16:28:14,209 [INFO] AnalyticsPlugin:255 - Accepted CMSIS Pack Licenses: 
2025-10-08 16:28:14,209 [INFO] AnalyticsPlugin:257 - Accepted Firmware Licenses: FW.F7.1.17.0,FW.F4.1.28.0,FW.H5.1.5.0,FW.C0.1.4.0
2025-10-08 16:28:14,216 [INFO] PluginManage:359 - Loaded plugin analytics (category:tool,tabindex:-1)
2025-10-08 16:28:14,217 [INFO] PluginManage:310 - Check plugin cadmodel
2025-10-08 16:28:14,229 [INFO] CADModel:105 - Init CAD model plugin
2025-10-08 16:28:14,229 [INFO] PluginManage:359 - Loaded plugin cadmodel (category:power,tabindex:5)
2025-10-08 16:28:14,230 [INFO] PluginManage:310 - Check plugin clock
2025-10-08 16:28:14,253 [INFO] PluginManage:359 - Loaded plugin clock (category:base,tabindex:2)
2025-10-08 16:28:14,254 [INFO] PluginManage:310 - Check plugin ddr
2025-10-08 16:28:14,259 [INFO] PluginManage:359 - Loaded plugin ddr (category:tool,tabindex:6)
2025-10-08 16:28:14,260 [INFO] PluginManage:310 - Check plugin filemanager
2025-10-08 16:28:14,562 [INFO] PluginManage:359 - Loaded plugin filemanager (category:base,tabindex:10)
2025-10-08 16:28:14,563 [INFO] PluginManage:310 - Check plugin ipmanager
2025-10-08 16:28:14,576 [INFO] PluginManage:359 - Loaded plugin ipmanager (category:base,tabindex:5)
2025-10-08 16:28:14,577 [INFO] PluginManage:310 - Check plugin lpbam
2025-10-08 16:28:14,593 [INFO] PluginManage:359 - Loaded plugin lpbam (category:base,tabindex:0)
2025-10-08 16:28:14,593 [INFO] PluginManage:310 - Check plugin memorymap
2025-10-08 16:28:14,624 [INFO] PluginManage:359 - Loaded plugin memorymap (category:base,tabindex:4)
2025-10-08 16:28:14,625 [INFO] PluginManage:310 - Check plugin pinoutandconfiguration
2025-10-08 16:28:14,644 [INFO] PluginManage:359 - Loaded plugin pinoutandconfiguration (category:base,tabindex:1)
2025-10-08 16:28:14,644 [INFO] PluginManage:310 - Check plugin pinoutconfig
2025-10-08 16:28:14,809 [WARN] SupportedApi:132 - Cannot load RTOS API schema: s4s-elt-must-match.1: The content of 'definitions' must match (annotation?, (simpleType | complexType)?, (unique | key | keyref)*)). A problem was found starting at: attribute.
2025-10-08 16:28:15,090 [INFO] PluginManage:359 - Loaded plugin pinoutconfig (category:base,tabindex:0)
2025-10-08 16:28:15,090 [INFO] PluginManage:310 - Check plugin power
2025-10-08 16:28:15,110 [INFO] PluginManage:359 - Loaded plugin power (category:power,tabindex:4)
2025-10-08 16:28:15,111 [INFO] PluginManage:310 - Check plugin projectmanager
2025-10-08 16:28:15,140 [INFO] PluginManage:359 - Loaded plugin projectmanager (category:projectmanager,tabindex:4)
2025-10-08 16:28:15,140 [INFO] PluginManage:310 - Check plugin rif
2025-10-08 16:28:15,160 [INFO] PluginManage:359 - Loaded plugin rif (category:base,tabindex:3)
2025-10-08 16:28:15,160 [INFO] PluginManage:310 - Check plugin thirdparty
2025-10-08 16:28:15,440 [WARN] IntegrityCheckThread:84 - waiting for thirdparty lock release [integrity check]
2025-10-08 16:28:15,440 [INFO] PluginManage:359 - Loaded plugin thirdparty (category:base,tabindex:-1)
2025-10-08 16:28:15,440 [INFO] IntegrityCheckThread:86 - entering critical section [integrity check]
2025-10-08 16:28:15,440 [INFO] PluginManage:310 - Check plugin tools
2025-10-08 16:28:15,441 [INFO] ThirdPartyUpdaterWithRetryManager:70 - Updater plugin not ready yet. [1/15]
2025-10-08 16:28:15,446 [INFO] PluginManage:359 - Loaded plugin tools (category:base,tabindex:7)
2025-10-08 16:28:15,447 [INFO] PluginManage:310 - Check plugin tutovideos
2025-10-08 16:28:15,860 [INFO] PluginManage:359 - Loaded plugin tutovideos (category:base,tabindex:-1)
2025-10-08 16:28:15,861 [INFO] PluginManage:310 - Check plugin updater
2025-10-08 16:28:15,903 [INFO] PluginManage:359 - Loaded plugin updater (category:base,tabindex:12)
2025-10-08 16:28:15,904 [INFO] PluginManage:310 - Check plugin userauth
2025-10-08 16:28:15,913 [INFO] UserAuth:118 - Init User Auth plugin
2025-10-08 16:28:15,914 [INFO] PluginManage:359 - Loaded plugin userauth (category:base,tabindex:14)
2025-10-08 16:28:15,915 [INFO] PluginManage:283 - PluginManage : Loaded plugins [18]
2025-10-08 16:28:16,352 [INFO] PinOutPanel:1589 - setPackage(No Configuration,No Configuration)
2025-10-08 16:28:16,503 [INFO] CADModel:165 - CPN selected for project level
2025-10-08 16:28:16,503 [INFO] CADModel:114 - Register for checkConnection events
2025-10-08 16:28:16,548 [INFO] IPUIPlugin:80 - create IPUIPlugin
2025-10-08 16:28:16,548 [INFO] PluginManager:220 - loadIPPluginJar : add adc
2025-10-08 16:28:16,554 [INFO] IPUIPlugin:80 - create IPUIPlugin
2025-10-08 16:28:16,555 [INFO] PluginManager:220 - loadIPPluginJar : add aes
2025-10-08 16:28:16,560 [INFO] IPUIPlugin:80 - create IPUIPlugin
2025-10-08 16:28:16,561 [INFO] PluginManager:220 - loadIPPluginJar : add can
2025-10-08 16:28:16,563 [INFO] IPUIPlugin:80 - create IPUIPlugin
2025-10-08 16:28:16,564 [INFO] PluginManager:220 - loadIPPluginJar : add comp
2025-10-08 16:28:16,570 [INFO] IPUIPlugin:80 - create IPUIPlugin
2025-10-08 16:28:16,571 [INFO] PluginManager:220 - loadIPPluginJar : add cryp
2025-10-08 16:28:16,580 [INFO] IPUIPlugin:80 - create IPUIPlugin
2025-10-08 16:28:16,581 [INFO] PluginManager:220 - loadIPPluginJar : add ddr_ctrl_phy
2025-10-08 16:28:16,586 [INFO] IPUIPlugin:80 - create IPUIPlugin
2025-10-08 16:28:16,587 [INFO] PluginManager:220 - loadIPPluginJar : add dfsdm
2025-10-08 16:28:16,599 [INFO] IPUIPlugin:80 - create IPUIPlugin
2025-10-08 16:28:16,600 [INFO] PluginManager:220 - loadIPPluginJar : add dma
2025-10-08 16:28:16,607 [INFO] IPUIPlugin:80 - create IPUIPlugin
2025-10-08 16:28:16,607 [INFO] PluginManager:220 - loadIPPluginJar : add dma3
2025-10-08 16:28:16,613 [INFO] IPUIPlugin:80 - create IPUIPlugin
2025-10-08 16:28:16,613 [INFO] PluginManager:220 - loadIPPluginJar : add extmemmanager
2025-10-08 16:28:16,617 [INFO] IPUIPlugin:80 - create IPUIPlugin
2025-10-08 16:28:16,617 [INFO] PluginManager:220 - loadIPPluginJar : add fatfs
2025-10-08 16:28:16,627 [INFO] IPUIPlugin:80 - create IPUIPlugin
2025-10-08 16:28:16,629 [INFO] PluginManager:220 - loadIPPluginJar : add fmc
2025-10-08 16:28:16,643 [INFO] IPUIPlugin:80 - create IPUIPlugin
2025-10-08 16:28:16,643 [INFO] PluginManager:220 - loadIPPluginJar : add freertos
2025-10-08 16:28:16,647 [INFO] IPUIPlugin:80 - create IPUIPlugin
2025-10-08 16:28:16,647 [INFO] PluginManager:220 - loadIPPluginJar : add genericplugin
2025-10-08 16:28:16,653 [INFO] IPUIPlugin:80 - create IPUIPlugin
2025-10-08 16:28:16,654 [INFO] PluginManager:220 - loadIPPluginJar : add gfxmmu
2025-10-08 16:28:16,667 [INFO] IPUIPlugin:80 - create IPUIPlugin
2025-10-08 16:28:16,668 [INFO] PluginManager:220 - loadIPPluginJar : add gic
2025-10-08 16:28:16,678 [INFO] IPUIPlugin:80 - create IPUIPlugin
2025-10-08 16:28:16,680 [INFO] PluginManager:220 - loadIPPluginJar : add gpio
2025-10-08 16:28:16,687 [INFO] IPUIPlugin:80 - create IPUIPlugin
2025-10-08 16:28:16,687 [INFO] PluginManager:220 - loadIPPluginJar : add gtzc
2025-10-08 16:28:16,693 [INFO] IPUIPlugin:80 - create IPUIPlugin
2025-10-08 16:28:16,694 [INFO] PluginManager:220 - loadIPPluginJar : add hash
2025-10-08 16:28:16,700 [INFO] IPUIPlugin:80 - create IPUIPlugin
2025-10-08 16:28:16,701 [INFO] PluginManager:220 - loadIPPluginJar : add i2c
2025-10-08 16:28:16,707 [INFO] IPUIPlugin:80 - create IPUIPlugin
2025-10-08 16:28:16,707 [INFO] PluginManager:220 - loadIPPluginJar : add i2s
2025-10-08 16:28:16,713 [INFO] IPUIPlugin:80 - create IPUIPlugin
2025-10-08 16:28:16,713 [INFO] PluginManager:220 - loadIPPluginJar : add i3c
2025-10-08 16:28:16,720 [INFO] IPUIPlugin:80 - create IPUIPlugin
2025-10-08 16:28:16,721 [INFO] PluginManager:220 - loadIPPluginJar : add ipddr
2025-10-08 16:28:16,736 [INFO] IPUIPlugin:80 - create IPUIPlugin
2025-10-08 16:28:16,736 [INFO] PluginManager:220 - loadIPPluginJar : add linkedlist
2025-10-08 16:28:16,742 [INFO] IPUIPlugin:80 - create IPUIPlugin
2025-10-08 16:28:16,742 [INFO] PluginManager:220 - loadIPPluginJar : add lorawan
2025-10-08 16:28:16,746 [INFO] IPUIPlugin:80 - create IPUIPlugin
2025-10-08 16:28:16,746 [INFO] PluginManager:220 - loadIPPluginJar : add ltdc
2025-10-08 16:28:16,758 [INFO] IPUIPlugin:80 - create IPUIPlugin
2025-10-08 16:28:16,759 [INFO] PluginManager:220 - loadIPPluginJar : add mdma
2025-10-08 16:28:16,765 [INFO] IPUIPlugin:80 - create IPUIPlugin
2025-10-08 16:28:16,765 [INFO] PluginManager:220 - loadIPPluginJar : add nvic
2025-10-08 16:28:16,771 [INFO] IPUIPlugin:80 - create IPUIPlugin
2025-10-08 16:28:16,771 [INFO] PluginManager:220 - loadIPPluginJar : add opamp
2025-10-08 16:28:16,777 [INFO] IPUIPlugin:80 - create IPUIPlugin
2025-10-08 16:28:16,778 [INFO] PluginManager:220 - loadIPPluginJar : add openamp
2025-10-08 16:28:16,782 [INFO] IPUIPlugin:80 - create IPUIPlugin
2025-10-08 16:28:16,783 [INFO] PluginManager:220 - loadIPPluginJar : add pdm2pcm
2025-10-08 16:28:16,793 [INFO] IPUIPlugin:80 - create IPUIPlugin
2025-10-08 16:28:16,797 [INFO] PluginManager:220 - loadIPPluginJar : add plateformsettings
2025-10-08 16:28:16,800 [INFO] IPUIPlugin:80 - create IPUIPlugin
2025-10-08 16:28:16,800 [INFO] PluginManager:220 - loadIPPluginJar : add quadspi
2025-10-08 16:28:16,802 [INFO] IPUIPlugin:80 - create IPUIPlugin
2025-10-08 16:28:16,804 [INFO] PluginManager:220 - loadIPPluginJar : add radio
2025-10-08 16:28:16,811 [INFO] IPUIPlugin:80 - create IPUIPlugin
2025-10-08 16:28:16,811 [INFO] PluginManager:220 - loadIPPluginJar : add resmgrutility
2025-10-08 16:28:16,817 [INFO] IPUIPlugin:80 - create IPUIPlugin
2025-10-08 16:28:16,817 [INFO] PluginManager:220 - loadIPPluginJar : add sai
2025-10-08 16:28:16,821 [INFO] IPUIPlugin:80 - create IPUIPlugin
2025-10-08 16:28:16,821 [INFO] PluginManager:220 - loadIPPluginJar : add spi
2025-10-08 16:28:16,833 [INFO] IPUIPlugin:80 - create IPUIPlugin
2025-10-08 16:28:16,833 [INFO] PluginManager:220 - loadIPPluginJar : add stm32_wpan
2025-10-08 16:28:16,837 [INFO] IPUIPlugin:80 - create IPUIPlugin
2025-10-08 16:28:16,837 [INFO] PluginManager:220 - loadIPPluginJar : add tim
2025-10-08 16:28:16,843 [INFO] IPUIPlugin:80 - create IPUIPlugin
2025-10-08 16:28:16,843 [INFO] PluginManager:220 - loadIPPluginJar : add touchsensing
2025-10-08 16:28:16,847 [INFO] IPUIPlugin:80 - create IPUIPlugin
2025-10-08 16:28:16,847 [INFO] PluginManager:220 - loadIPPluginJar : add tracer_emb
2025-10-08 16:28:16,850 [INFO] IPUIPlugin:80 - create IPUIPlugin
2025-10-08 16:28:16,850 [INFO] PluginManager:220 - loadIPPluginJar : add ts
2025-10-08 16:28:16,854 [INFO] IPUIPlugin:80 - create IPUIPlugin
2025-10-08 16:28:16,854 [INFO] PluginManager:220 - loadIPPluginJar : add tsc
2025-10-08 16:28:16,857 [INFO] IPUIPlugin:80 - create IPUIPlugin
2025-10-08 16:28:16,857 [INFO] PluginManager:220 - loadIPPluginJar : add ucpd
2025-10-08 16:28:16,862 [INFO] IPUIPlugin:80 - create IPUIPlugin
2025-10-08 16:28:16,862 [INFO] PluginManager:220 - loadIPPluginJar : add usart
2025-10-08 16:28:16,869 [INFO] IPUIPlugin:80 - create IPUIPlugin
2025-10-08 16:28:16,870 [INFO] PluginManager:220 - loadIPPluginJar : add usbx
2025-10-08 16:28:17,038 [FATAL] Updater:351 - Updater called before beeing initialized
2025-10-08 16:28:17,094 [INFO] RulesReader:64 - Compatibility file has been processed (317 Rules)
2025-10-08 16:28:17,109 [INFO] RulesReader:64 - Compatibility file has been processed (317 Rules)
2025-10-08 16:28:17,128 [INFO] CADModel:165 - CPN selected for project level
2025-10-08 16:28:17,130 [INFO] CADModel:114 - Register for checkConnection events
2025-10-08 16:28:17,130 [FATAL] Updater:351 - Updater called before beeing initialized
2025-10-08 16:28:17,130 [ERROR] CADModel:125 - Updater not yet initialized, retry later 
2025-10-08 16:28:17,429 [FATAL] Updater:351 - Updater called before beeing initialized
2025-10-08 16:28:17,435 [INFO] CADModel:165 - CPN selected for project level
2025-10-08 16:28:17,436 [INFO] CADModel:114 - Register for checkConnection events
2025-10-08 16:28:17,436 [FATAL] Updater:351 - Updater called before beeing initialized
2025-10-08 16:28:17,436 [ERROR] CADModel:125 - Updater not yet initialized, retry later 
2025-10-08 16:28:17,444 [FATAL] Updater:351 - Updater called before beeing initialized
2025-10-08 16:28:17,675 [FATAL] Updater:351 - Updater called before beeing initialized
2025-10-08 16:28:17,683 [INFO] DbMcusAds:53 - JSON generation date=Thu Oct 02 18:36:05 JST 2025 (1759397765045)
2025-10-08 16:28:17,684 [FATAL] Updater:351 - Updater called before beeing initialized
2025-10-08 16:28:17,742 [WARN] DetailPanel:346 - Failed to get advertising image, set to default
2025-10-08 16:28:17,869 [FATAL] Updater:351 - Updater called before beeing initialized
2025-10-08 16:28:17,873 [FATAL] Updater:351 - Updater called before beeing initialized
2025-10-08 16:28:17,873 [FATAL] Updater:351 - Updater called before beeing initialized
2025-10-08 16:28:17,873 [WARN] DetailPanel:346 - Failed to get advertising image, set to default
2025-10-08 16:28:17,875 [FATAL] Updater:351 - Updater called before beeing initialized
2025-10-08 16:28:17,956 [ERROR] Updater:1198 - MainUpdater not yet initialized. External WinMGr cannot be set.
2025-10-08 16:28:17,960 [INFO] Updater:1134 - Updater Version found : 6.15.0
2025-10-08 16:28:18,007 [INFO] ApplicationProperties:184 - Using Application install path: C:\ST\STM32CubeIDE_1.15.1\STM32CubeIDE\plugins\com.st.stm32cube.common.mx_6.15.0.202507011659
2025-10-08 16:28:18,442 [INFO] ThirdPartyUpdaterWithRetryManager:70 - Updater plugin not ready yet. [2/15]
2025-10-08 16:28:19,715 [INFO] MainUpdater:2872 - connection check result : 10
2025-10-08 16:28:19,716 [INFO] MainUpdater:289 - Updater Check For Update Now.
2025-10-08 16:28:19,716 [INFO] MicroXplorer:498 - Change Database Version : DB.6.0.150
2025-10-08 16:28:19,731 [INFO] McuFinderGlobals:63 - Set McuFinder mode to 2 (CubeIDE integrated)
2025-10-08 16:28:19,734 [INFO] UserAuth:487 - Internet connection configuration mode: 1
2025-10-08 16:28:19,787 [INFO] JxBrowserEngine:152 - Initiate JxBrowser Engine with user profile folder
2025-10-08 16:28:19,962 [INFO] CheckServerUpdateThread:120 - End of CheckServer Thread
2025-10-08 16:28:21,192 [INFO] WebApp:169 - Instantiating new browser for Auth
2025-10-08 16:28:22,032 [WARN] PackLoader:240 - Cannot read IP mode file for STMicroelectronics.FP-SNS-MOTENVWB1.1.4.0
2025-10-08 16:28:22,068 [WARN] PackLoader:240 - Cannot read IP mode file for STMicroelectronics.FP-ATR-ASTRA1.2.0.2
2025-10-08 16:28:22,077 [WARN] PackLoader:240 - Cannot read IP mode file for STMicroelectronics.FP-ATR-ASTRA1.2.0.1
2025-10-08 16:28:22,098 [WARN] PackLoader:240 - Cannot read IP mode file for STMicroelectronics.X-CUBE-SMBUS.2.1.0
2025-10-08 16:28:22,117 [WARN] PackLoader:240 - Cannot read IP mode file for STMicroelectronics.X-CUBE-WB05N.1.1.0
2025-10-08 16:28:22,130 [WARN] PackLoader:240 - Cannot read IP mode file for STMicroelectronics.X-CUBE-TOUCHGFX.4.23.2
2025-10-08 16:28:22,185 [WARN] PackLoader:240 - Cannot read IP mode file for STMicroelectronics.X-CUBE-AZRTOS-F7.1.1.0
2025-10-08 16:28:22,271 [WARN] PackLoader:240 - Cannot read IP mode file for STMicroelectronics.X-CUBE-MEMS1.11.0.0
2025-10-08 16:28:22,437 [WARN] PackLoader:240 - Cannot read IP mode file for STMicroelectronics.FP-SNS-FLIGHT1.5.0.2
2025-10-08 16:28:22,471 [WARN] PackLoader:240 - Cannot read IP mode file for STMicroelectronics.X-CUBE-AZRTOS-H7.3.4.0
2025-10-08 16:28:22,486 [WARN] PackLoader:240 - Cannot read IP mode file for STMicroelectronics.X-CUBE-DISPLAY.3.0.0
2025-10-08 16:28:22,497 [WARN] PackLoader:240 - Cannot read IP mode file for STMicroelectronics.X-CUBE-BLE1.7.0.0
2025-10-08 16:28:22,517 [WARN] PackLoader:240 - Cannot read IP mode file for STMicroelectronics.X-CUBE-NFC10.1.0.0
2025-10-08 16:28:22,538 [WARN] PackLoader:240 - Cannot read IP mode file for STMicroelectronics.X-CUBE-BLEMGR.4.0.0
2025-10-08 16:28:22,552 [WARN] PackLoader:240 - Cannot read IP mode file for emotas.I-CUBE-CANOPEN.1.3.0
2025-10-08 16:28:22,567 [WARN] PackLoader:240 - Cannot read IP mode file for STMicroelectronics.X-CUBE-BLEMGR.3.1.0
2025-10-08 16:28:22,578 [WARN] PackLoader:240 - Cannot read IP mode file for STMicroelectronics.X-CUBE-AI.10.0.0
2025-10-08 16:28:22,630 [WARN] PackLoader:240 - Cannot read IP mode file for STMicroelectronics.FP-SNS-STBOX1.2.1.0
2025-10-08 16:28:22,650 [WARN] PackLoader:240 - Cannot read IP mode file for STMicroelectronics.FP-SNS-SMARTAG2.1.2.0
2025-10-08 16:28:22,659 [WARN] PackLoader:240 - Cannot read IP mode file for STMicroelectronics.FP-SNS-FLIGHT1.5.1.0
2025-10-08 16:28:22,739 [WARN] PackLoader:240 - Cannot read IP mode file for STMicroelectronics.X-CUBE-MEMS1.11.1.0
2025-10-08 16:28:22,984 [INFO] LogOutputStream:77 - [STDOUT_REDIRECT] 1 : Invalid condition id : UX_CORESTACK_Condition cause : null
2025-10-08 16:28:22,986 [INFO] LogOutputStream:77 - [STDOUT_REDIRECT] 1 : Invalid condition id : UX_CORESTACK_Condition cause : null
2025-10-08 16:28:22,989 [INFO] LogOutputStream:77 - [STDOUT_REDIRECT] 1 : Invalid condition id : UX_CORESTACK_Condition cause : null
2025-10-08 16:28:22,993 [INFO] LogOutputStream:77 - [STDOUT_REDIRECT] 1 : Invalid condition id : UX_CORESTACK_Condition cause : null
2025-10-08 16:28:22,997 [INFO] LogOutputStream:77 - [STDOUT_REDIRECT] 1 : Invalid condition id : UX_CORESTACK_Condition cause : null
2025-10-08 16:28:23,002 [WARN] PackLoader:240 - Cannot read IP mode file for STMicroelectronics.X-CUBE-AZRTOS-WL.2.0.0
2025-10-08 16:28:23,017 [WARN] PackLoader:240 - Cannot read IP mode file for STMicroelectronics.FP-SNS-MOTENV1.5.0.0
2025-10-08 16:28:23,037 [WARN] PackLoader:240 - Cannot read IP mode file for wolfSSL.I-CUBE-wolfMQTT.1.19.0
2025-10-08 16:28:23,062 [WARN] PackLoader:240 - Cannot read IP mode file for WES.I-CUBE-Cesium.1.3.0
2025-10-08 16:28:23,078 [WARN] PackLoader:240 - Cannot read IP mode file for STMicroelectronics.X-CUBE-BLE2.3.3.0
2025-10-08 16:28:23,094 [WARN] PackLoader:240 - Cannot read IP mode file for STMicroelectronics.X-CUBE-NFC9.1.0.0
2025-10-08 16:28:23,108 [WARN] PackLoader:240 - Cannot read IP mode file for STMicroelectronics.X-CUBE-BLE1.7.1.0
2025-10-08 16:28:23,123 [WARN] PackLoader:240 - Cannot read IP mode file for STMicroelectronics.X-CUBE-TCPP.4.1.0
2025-10-08 16:28:23,139 [WARN] PackLoader:240 - Cannot read IP mode file for STMicroelectronics.X-CUBE-EEPRMA1.5.2.0
2025-10-08 16:28:23,150 [WARN] PackLoader:240 - Cannot read IP mode file for STMicroelectronics.X-CUBE-AI.10.1.0
2025-10-08 16:28:23,262 [WARN] PackLoader:240 - Cannot read IP mode file for STMicroelectronics.X-CUBE-MEMS1.11.2.0
2025-10-08 16:28:23,275 [INFO] WebApp:463 - Apply proxy settings
2025-10-08 16:28:23,275 [INFO] WebApp:548 - Chromium requires no authentication
2025-10-08 16:28:23,311 [INFO] WebApp:491 - Direct internet connection detected
2025-10-08 16:28:23,393 [INFO] WebApp:900 - Register for checkConnection events
2025-10-08 16:28:23,394 [INFO] WebApp:463 - Apply proxy settings
2025-10-08 16:28:23,394 [INFO] WebApp:548 - Chromium requires no authentication
2025-10-08 16:28:23,395 [INFO] WebApp:491 - Direct internet connection detected
2025-10-08 16:28:23,449 [WARN] PackLoader:240 - Cannot read IP mode file for STMicroelectronics.X-CUBE-AZRTOS-G0.1.1.0
2025-10-08 16:28:23,462 [WARN] PackLoader:240 - Cannot read IP mode file for STMicroelectronics.X-CUBE-SAFEA1.1.2.2
2025-10-08 16:28:23,475 [WARN] PackLoader:240 - Cannot read IP mode file for STMicroelectronics.X-CUBE-NFC4.3.0.0
2025-10-08 16:28:23,492 [WARN] PackLoader:240 - Cannot read IP mode file for EmbeddedOffice.I-CUBE-FS-RTOS.1.0.1
2025-10-08 16:28:23,503 [WARN] PackLoader:240 - Cannot read IP mode file for STMicroelectronics.X-CUBE-WB05N.2.0.0
2025-10-08 16:28:23,513 [WARN] PackLoader:240 - Cannot read IP mode file for STMicroelectronics.X-CUBE-TCPP.4.2.0
2025-10-08 16:28:23,526 [WARN] PackLoader:240 - Cannot read IP mode file for RealThread.X-CUBE-RT-Thread_Nano.4.1.1
2025-10-08 16:28:23,538 [WARN] PackLoader:240 - Cannot read IP mode file for wolfSSL.I-CUBE-wolfSSL.5.7.0
2025-10-08 16:28:23,548 [WARN] PackLoader:240 - Cannot read IP mode file for STMicroelectronics.FP-ATR-SIGFOX1.3.2.0
2025-10-08 16:28:23,559 [WARN] ConditionMgr:438 - getConditionDescription Invalid condition id : Cortex-A Device cause : null
2025-10-08 16:28:23,590 [WARN] ConditionMgr:1044 - genDependencies : Invalid condition id : Cortex-A Device cause : null
2025-10-08 16:28:23,590 [WARN] ConditionMgr:1044 - genDependencies : Invalid condition id : Cortex-A Device cause : null
2025-10-08 16:28:23,591 [WARN] ConditionMgr:1044 - genDependencies : Invalid condition id : Cortex-A Device cause : null
2025-10-08 16:28:23,603 [WARN] PackLoader:240 - Cannot read IP mode file for STMicroelectronics.X-CUBE-EEPRMA1.5.1.0
2025-10-08 16:28:23,621 [WARN] PackLoader:240 - Cannot read IP mode file for ITTIA_DB.I-CUBE-ITTIADB.8.9.0
2025-10-08 16:28:23,636 [WARN] PackLoader:240 - Cannot read IP mode file for STMicroelectronics.X-CUBE-ST67W61.1.0.0
2025-10-08 16:28:23,647 [WARN] PackLoader:240 - Cannot read IP mode file for STMicroelectronics.X-CUBE-AI.10.2.0
2025-10-08 16:28:23,706 [WARN] PackLoader:240 - Cannot read IP mode file for SEGGER.I-CUBE-embOS.1.3.1
2025-10-08 16:28:23,802 [WARN] PackLoader:240 - Cannot read IP mode file for STMicroelectronics.X-CUBE-ALGOBUILD.1.4.0
2025-10-08 16:28:23,899 [WARN] PackLoader:240 - Cannot read IP mode file for STMicroelectronics.X-CUBE-MEMS1.11.3.0
2025-10-08 16:28:24,074 [WARN] PackLoader:240 - Cannot read IP mode file for STMicroelectronics.X-CUBE-AI.9.1.0
2025-10-08 16:28:24,086 [WARN] PackLoader:240 - Cannot read IP mode file for STMicroelectronics.X-CUBE-PM33A1.1.0.0
2025-10-08 16:28:24,099 [WARN] PackLoader:240 - Cannot read IP mode file for STMicroelectronics.X-CUBE-GNSS1.6.0.0
2025-10-08 16:28:24,127 [WARN] PackLoader:240 - Cannot read IP mode file for STMicroelectronics.X-CUBE-AZRTOS-F4.1.1.0
2025-10-08 16:28:24,144 [WARN] PackLoader:240 - Cannot read IP mode file for Avnet-IotConnect.X-CUBE-IoTC-DA16k-PMOD.1.0.0
2025-10-08 16:28:24,153 [WARN] PackLoader:240 - Cannot read IP mode file for STMicroelectronics.X-CUBE-ISPU.2.1.0
2025-10-08 16:28:24,161 [INFO] WebApp:225 - Starting web application
2025-10-08 16:28:24,162 [INFO] WebApp:593 - Web application path used C:\ST\STM32CubeIDE_1.15.1\STM32CubeIDE\plugins\com.st.stm32cube.common.mx_6.15.0.202507011659\db\plugins\mcufinder\reactClient1\index.html
2025-10-08 16:28:24,166 [WARN] PackLoader:240 - Cannot read IP mode file for STMicroelectronics.X-CUBE-FREERTOS.1.2.0
2025-10-08 16:28:24,183 [WARN] PackLoader:240 - Cannot read IP mode file for STMicroelectronics.X-CUBE-NFC12.1.0.0
2025-10-08 16:28:24,220 [WARN] PackLoader:240 - Cannot read IP mode file for STMicroelectronics.X-CUBE-AZRTOS-L5.2.0.0
2025-10-08 16:28:24,237 [WARN] PackLoader:240 - Cannot read IP mode file for STMicroelectronics.X-CUBE-NFC6.3.1.0
2025-10-08 16:28:24,250 [WARN] PackLoader:240 - Cannot read IP mode file for STMicroelectronics.X-CUBE-DPower.1.2.0
2025-10-08 16:28:24,257 [WARN] PackLoader:240 - Cannot read IP mode file for STMicroelectronics.X-CUBE-AI.9.0.0
2025-10-08 16:28:24,272 [WARN] PackLoader:240 - Cannot read IP mode file for STMicroelectronics.X-CUBE-FREERTOS.1.3.1
2025-10-08 16:28:24,461 [WARN] PackLoader:240 - Cannot read IP mode file for STMicroelectronics.X-CUBE-FREERTOS.1.3.0
2025-10-08 16:28:24,472 [WARN] PackLoader:240 - Cannot read IP mode file for STMicroelectronics.X-CUBE-NFC7.1.0.1
2025-10-08 16:28:24,481 [WARN] PackLoader:240 - Cannot read IP mode file for wolfSSL.I-CUBE-wolfTPM.3.2.0
2025-10-08 16:28:24,489 [WARN] PackLoader:240 - Cannot read IP mode file for STMicroelectronics.X-CUBE-TOUCHGFX.4.26.0
2025-10-08 16:28:24,502 [WARN] PackLoader:240 - Cannot read IP mode file for STMicroelectronics.FP-SNS-STAIOTCFT.1.0.0
2025-10-08 16:28:24,513 [WARN] PackLoader:240 - Cannot read IP mode file for STMicroelectronics.X-CUBE-DPower.1.3.0
2025-10-08 16:28:24,533 [WARN] ConditionMgr:438 - getConditionDescription Invalid condition id : LAN8742 Phy interface Condition cause : null
2025-10-08 16:28:24,534 [WARN] PackLoader:240 - Cannot read IP mode file for STMicroelectronics.X-CUBE-AZRTOS-L4.2.0.0
2025-10-08 16:28:24,535 [WARN] ConditionMgr:1044 - genDependencies : Invalid condition id : LAN8742 Phy interface Condition cause : null
2025-10-08 16:28:24,535 [WARN] ConditionMgr:1044 - genDependencies : Invalid condition id : LAN8742 Phy interface Condition cause : null
2025-10-08 16:28:24,536 [WARN] ConditionMgr:1044 - genDependencies : Invalid condition id : LAN8742 Phy interface Condition cause : null
2025-10-08 16:28:24,548 [WARN] PackLoader:240 - Cannot read IP mode file for STMicroelectronics.X-CUBE-SFXS2LP1.4.0.0
2025-10-08 16:28:24,575 [WARN] PackLoader:240 - Cannot read IP mode file for STMicroelectronics.X-CUBE-AZRTOS-H7.3.3.0
2025-10-08 16:28:24,589 [WARN] PackLoader:240 - Cannot read IP mode file for STMicroelectronics.X-CUBE-BLEMGR.4.1.0
2025-10-08 16:28:24,606 [WARN] PackLoader:240 - Cannot read IP mode file for STMicroelectronics.X-CUBE-IPS.3.0.0
2025-10-08 16:28:24,624 [WARN] ConditionMgr:438 - getConditionDescription Invalid condition id : UX DEVICE CLASS RTOS Condition cause : null
2025-10-08 16:28:24,625 [WARN] ConditionMgr:438 - getConditionDescription Invalid condition id : UX DEVICE CLASS RTOS Condition cause : null
2025-10-08 16:28:24,628 [WARN] PackLoader:240 - Cannot read IP mode file for STMicroelectronics.X-CUBE-AZRTOS-WB.2.0.0
2025-10-08 16:28:24,629 [WARN] ConditionMgr:1044 - genDependencies : Invalid condition id : UX DEVICE CLASS RTOS Condition cause : null
2025-10-08 16:28:24,629 [WARN] ConditionMgr:1044 - genDependencies : Invalid condition id : UX DEVICE CLASS RTOS Condition cause : null
2025-10-08 16:28:24,629 [WARN] ConditionMgr:1044 - genDependencies : Invalid condition id : UX DEVICE CLASS RTOS Condition cause : null
2025-10-08 16:28:24,630 [WARN] ConditionMgr:1044 - genDependencies : Invalid condition id : UX DEVICE CLASS RTOS Condition cause : null
2025-10-08 16:28:24,631 [WARN] ConditionMgr:1044 - genDependencies : Invalid condition id : UX DEVICE CLASS RTOS Condition cause : null
2025-10-08 16:28:24,647 [WARN] PackLoader:240 - Cannot read IP mode file for STMicroelectronics.X-CUBE-GNSS1.7.0.0
2025-10-08 16:28:24,656 [WARN] PackLoader:240 - Cannot read IP mode file for STMicroelectronics.X-CUBE-GNSS1.7.0.1
2025-10-08 16:28:24,666 [WARN] PackLoader:240 - Cannot read IP mode file for STMicroelectronics.X-CUBE-TOUCHGFX.4.25.0
2025-10-08 16:28:24,675 [WARN] PackLoader:240 - Cannot read IP mode file for STMicroelectronics.FP-SNS-STBOX1.2.0.0
2025-10-08 16:28:24,695 [WARN] PackLoader:240 - Cannot read IP mode file for STMicroelectronics.X-CUBE-SUBG2.5.0.0
2025-10-08 16:28:24,727 [WARN] PackLoader:240 - Cannot read IP mode file for STMicroelectronics.X-CUBE-AZRTOS-H7RS.1.1.0
2025-10-08 16:28:24,744 [WARN] PackLoader:240 - Cannot read IP mode file for Cesanta.I-CUBE-Mongoose.7.13.0
2025-10-08 16:28:24,764 [WARN] PackLoader:240 - Cannot read IP mode file for STMicroelectronics.X-CUBE-AZRTOS-G4.2.0.0
2025-10-08 16:28:24,773 [WARN] PackLoader:240 - Cannot read IP mode file for STMicroelectronics.X-CUBE-NFC7.2.0.0
2025-10-08 16:28:24,782 [WARN] PackLoader:240 - Cannot read IP mode file for STMicroelectronics.X-CUBE-ISPU.2.0.0
2025-10-08 16:28:24,800 [WARN] PackLoader:240 - Cannot read IP mode file for STMicroelectronics.X-CUBE-IPS.3.1.0
2025-10-08 16:28:24,818 [WARN] PackLoader:240 - Cannot read IP mode file for STMicroelectronics.X-CUBE-ALS.1.0.2
2025-10-08 16:28:24,857 [INFO] UserAuth:487 - Internet connection configuration mode: 1
2025-10-08 16:28:24,868 [WARN] PackLoader:240 - Cannot read IP mode file for STMicroelectronics.X-CUBE-MEMS1.10.0.0
2025-10-08 16:28:24,978 [WARN] PackLoader:240 - Cannot read IP mode file for STMicroelectronics.X-CUBE-TOUCHGFX.4.24.0
2025-10-08 16:28:24,984 [WARN] PackLoader:240 - Cannot read IP mode file for STMicroelectronics.X-CUBE-TOUCHGFX.4.24.2
2025-10-08 16:28:24,989 [WARN] PackLoader:240 - Cannot read IP mode file for STMicroelectronics.X-CUBE-TOUCHGFX.4.24.1
2025-10-08 16:28:24,998 [WARN] PackLoader:240 - Cannot read IP mode file for STMicroelectronics.X-CUBE-STSE01.1.0.0
2025-10-08 16:28:25,008 [WARN] PackLoader:240 - Cannot read IP mode file for portGmbH.I-Cube-SoM-uGOAL.1.1.0
2025-10-08 16:28:25,031 [WARN] PackLoader:240 - Cannot read IP mode file for STMicroelectronics.X-CUBE-AZRTOS-H7RS.1.0.0
2025-10-08 16:28:25,057 [WARN] PackLoader:240 - Cannot read IP mode file for STMicroelectronics.FP-ATR-ASTRA1.2.0.0
2025-10-08 16:28:25,070 [WARN] PackLoader:240 - Cannot read IP mode file for STMicroelectronics.X-CUBE-TOF1.3.4.2
2025-10-08 16:28:25,112 [WARN] PackLoader:240 - Cannot read IP mode file for STMicroelectronics.X-CUBE-TOF1.3.4.3
2025-10-08 16:28:25,149 [WARN] PackLoader:240 - Cannot read IP mode file for STMicroelectronics.X-CUBE-TOF1.3.4.1
2025-10-08 16:28:25,197 [WARN] PackLoader:240 - Cannot read IP mode file for STMicroelectronics.X-CUBE-AZRTOS-H7.3.2.0
2025-10-08 16:28:25,243 [WARN] PackLoader:240 - Cannot read IP mode file for Infineon.AIROC-Wi-Fi-Bluetooth-STM32.1.6.0
2025-10-08 16:28:25,257 [WARN] PackLoader:240 - Cannot read IP mode file for wolfSSL.I-CUBE-wolfSSH.1.4.17
2025-10-08 16:28:25,259 [INFO] ThirdParty:978 - Integrity check success = true
2025-10-08 16:28:25,259 [INFO] IntegrityCheckThread:100 - exiting critical section [integrity check]
2025-10-08 16:28:25,259 [INFO] IntegrityCheckThread:103 - End integrity checks thread
2025-10-08 16:28:25,882 [INFO] WebApp:191 - Connection restablished
2025-10-08 19:01:35,117 [ERROR] LogOutputStream:75 - [STDERR_REDIRECT] 
