16:27:33 **** Incremental Build of configuration Debug for project NucleoG431KB-AFT14A903A ****
make -j12 all 
arm-none-eabi-gcc "../Core/Src/main.c" -mcpu=cortex-m4 -std=gnu11 -g3 -DDEBUG -DUSE_HAL_DRIVER -DSTM32G431xx -c -I../Core/Inc -I../Drivers/STM32G4xx_HAL_Driver/Inc -I../Drivers/STM32G4xx_HAL_Driver/Inc/Legacy -I../Drivers/CMSIS/Device/ST/STM32G4xx/Include -I../Drivers/CMSIS/Include -O0 -ffunction-sections -fdata-sections -Wall -fstack-usage -fcyclomatic-complexity -MMD -MP -MF"Core/Src/main.d" -MT"Core/Src/main.o" --specs=nano.specs -mfpu=fpv4-sp-d16 -mfloat-abi=hard -mthumb -o "Core/Src/main.o"
arm-none-eabi-gcc -o "NucleoG431KB-AFT14A903A.elf" @"objects.list"   -mcpu=cortex-m4 -T"C:\create\MyProjects\IndependentResearch\LRA-Dynamics\NucleoG431KB-AFT14A903A\STM32G431KBTX_FLASH.ld" --specs=nosys.specs -Wl,-Map="NucleoG431KB-AFT14A903A.map" -Wl,--gc-sections -static --specs=nano.specs -mfpu=fpv4-sp-d16 -mfloat-abi=hard -mthumb -Wl,--start-group -lc -lm -Wl,--end-group
Finished building target: NucleoG431KB-AFT14A903A.elf
 
arm-none-eabi-size  NucleoG431KB-AFT14A903A.elf 
arm-none-eabi-objdump -h -S NucleoG431KB-AFT14A903A.elf  > "NucleoG431KB-AFT14A903A.list"
   text	   data	    bss	    dec	    hex	filename
  21008	     20	   1844	  22872	   5958	NucleoG431KB-AFT14A903A.elf
Finished building: default.size.stdout
 
Finished building: NucleoG431KB-AFT14A903A.list
 

16:27:35 Build Finished. 0 errors, 0 warnings. (took 1s.244ms)

